// Jest Snapshot v1, https://goo.gl/fbAQLP

exports[`Register Page Should match with snapshot 1`] = `
{
  "asFragment": [Function],
  "baseElement": <body>
    <div>
      <div
        class="fullContainer"
        data-testid="register-page"
      >
        <div
          class="innerContainer"
        >
          <h1
            class="title"
          >
            Daftar
          </h1>
          <form
            class="formContainer"
          >
            <label
              class="label"
              for="fullname"
            >
              Nama Lengkap
            </label>
            <input
              class="input"
              id="fullname"
              placeholder="Rendy Septio"
              type="text"
            />
            <label
              class="label"
              for="dob"
            >
              Tanggal Lahir
            </label>
            <input
              class="input"
              id="dob"
              type="date"
            />
            <label
              class="label"
              for="email"
            >
              Email
            </label>
            <input
              class="input"
              id="email"
              placeholder="contoh_email@mail.com"
              type="email"
            />
            <label
              class="label"
              for="password"
            >
              Kata Sandi
            </label>
            <input
              class="input"
              id="password"
              placeholder="p4sSW0rdR4haS1a"
              type="password"
            />
            <label
              class="label"
              for="role"
            >
              Role
            </label>
            <select
              class="input"
              id="role"
              name="role"
            >
              <option
                value=""
              >
                Pilih Role
              </option>
              <option
                value="customer"
              >
                Pelanggan
              </option>
              <option
                value="business"
              >
                Bisnis
              </option>
            </select>
            <button
              class="button"
              type="submit"
            >
              Daftar
            </button>
            <h3
              class="footer"
            >
              Sudah punya akun? Masuk di 
              <a
                class="footerLink"
              >
                sini
              </a>
              .
            </h3>
          </form>
        </div>
      </div>
    </div>
  </body>,
  "container": <div>
    <div
      class="fullContainer"
      data-testid="register-page"
    >
      <div
        class="innerContainer"
      >
        <h1
          class="title"
        >
          Daftar
        </h1>
        <form
          class="formContainer"
        >
          <label
            class="label"
            for="fullname"
          >
            Nama Lengkap
          </label>
          <input
            class="input"
            id="fullname"
            placeholder="Rendy Septio"
            type="text"
          />
          <label
            class="label"
            for="dob"
          >
            Tanggal Lahir
          </label>
          <input
            class="input"
            id="dob"
            type="date"
          />
          <label
            class="label"
            for="email"
          >
            Email
          </label>
          <input
            class="input"
            id="email"
            placeholder="contoh_email@mail.com"
            type="email"
          />
          <label
            class="label"
            for="password"
          >
            Kata Sandi
          </label>
          <input
            class="input"
            id="password"
            placeholder="p4sSW0rdR4haS1a"
            type="password"
          />
          <label
            class="label"
            for="role"
          >
            Role
          </label>
          <select
            class="input"
            id="role"
            name="role"
          >
            <option
              value=""
            >
              Pilih Role
            </option>
            <option
              value="customer"
            >
              Pelanggan
            </option>
            <option
              value="business"
            >
              Bisnis
            </option>
          </select>
          <button
            class="button"
            type="submit"
          >
            Daftar
          </button>
          <h3
            class="footer"
          >
            Sudah punya akun? Masuk di 
            <a
              class="footerLink"
            >
              sini
            </a>
            .
          </h3>
        </form>
      </div>
    </div>
  </div>,
  "debug": [Function],
  "findAllByAltText": [Function],
  "findAllByDisplayValue": [Function],
  "findAllByLabelText": [Function],
  "findAllByPlaceholderText": [Function],
  "findAllByRole": [Function],
  "findAllByTestId": [Function],
  "findAllByText": [Function],
  "findAllByTitle": [Function],
  "findByAltText": [Function],
  "findByDisplayValue": [Function],
  "findByLabelText": [Function],
  "findByPlaceholderText": [Function],
  "findByRole": [Function],
  "findByTestId": [Function],
  "findByText": [Function],
  "findByTitle": [Function],
  "getAllByAltText": [Function],
  "getAllByDisplayValue": [Function],
  "getAllByLabelText": [Function],
  "getAllByPlaceholderText": [Function],
  "getAllByRole": [Function],
  "getAllByTestId": [Function],
  "getAllByText": [Function],
  "getAllByTitle": [Function],
  "getByAltText": [Function],
  "getByDisplayValue": [Function],
  "getByLabelText": [Function],
  "getByPlaceholderText": [Function],
  "getByRole": [Function],
  "getByTestId": [Function],
  "getByText": [Function],
  "getByTitle": [Function],
  "queryAllByAltText": [Function],
  "queryAllByDisplayValue": [Function],
  "queryAllByLabelText": [Function],
  "queryAllByPlaceholderText": [Function],
  "queryAllByRole": [Function],
  "queryAllByTestId": [Function],
  "queryAllByText": [Function],
  "queryAllByTitle": [Function],
  "queryByAltText": [Function],
  "queryByDisplayValue": [Function],
  "queryByLabelText": [Function],
  "queryByPlaceholderText": [Function],
  "queryByRole": [Function],
  "queryByTestId": [Function],
  "queryByText": [Function],
  "queryByTitle": [Function],
  "rerender": [Function],
  "unmount": [Function],
}
`;
