// Jest Snapshot v1, https://goo.gl/fbAQLP

exports[`Ticket Card Component Should match with snapshot 1`] = `
{
  "asFragment": [Function],
  "baseElement": <body>
    <div>
      <div
        class="cardContainer"
        data-testid="ticket-card"
      >
        <img
          alt="Img Failed!"
          class="cardImage"
          data-testid="ticket-card-img"
          src="http://example.com/"
        />
        <div
          class="cardContent"
        >
          <p
            class="title"
            data-testid="ticket-card-title"
          >
            Test title
          </p>
          <div
            class="infoContainer"
          >
            <div
              class="infoIconContainer"
            >
              <svg
                aria-hidden="true"
                class="MuiSvgIcon-root MuiSvgIcon-fontSizeMedium icon css-i4bv87-MuiSvgIcon-root"
                data-testid="FmdGoodIcon"
                focusable="false"
                viewBox="0 0 24 24"
              >
                <path
                  d="M12 2c-4.2 0-8 3.22-8 8.2 0 3.32 2.67 7.25 8 11.8 5.33-4.55 8-8.48 8-11.8C20 5.22 16.2 2 12 2zm0 10c-1.1 0-2-.9-2-2s.9-2 2-2 2 .9 2 2-.9 2-2 2z"
                />
              </svg>
              <p
                class="text"
                data-testid="ticket-card-location"
              >
                Location tes
              </p>
            </div>
            <div
              class="infoIconContainer"
            >
              <svg
                aria-hidden="true"
                class="MuiSvgIcon-root MuiSvgIcon-fontSizeMedium icon css-i4bv87-MuiSvgIcon-root"
                data-testid="AssignmentIndIcon"
                focusable="false"
                viewBox="0 0 24 24"
              >
                <path
                  d="M19 3h-4.18C14.4 1.84 13.3 1 12 1c-1.3 0-2.4.84-2.82 2H5c-1.1 0-2 .9-2 2v14c0 1.1.9 2 2 2h14c1.1 0 2-.9 2-2V5c0-1.1-.9-2-2-2zm-7 0c.55 0 1 .45 1 1s-.45 1-1 1-1-.45-1-1 .45-1 1-1zm0 4c1.66 0 3 1.34 3 3s-1.34 3-3 3-3-1.34-3-3 1.34-3 3-3zm6 12H6v-1.4c0-2 4-3.1 6-3.1s6 1.1 6 3.1V19z"
                />
              </svg>
              <p
                class="text"
                data-testid="ticket-card-org"
              >
                test organization
              </p>
            </div>
            <div
              class="infoIconContainer"
            >
              <svg
                aria-hidden="true"
                class="MuiSvgIcon-root MuiSvgIcon-fontSizeMedium icon css-i4bv87-MuiSvgIcon-root"
                data-testid="ViewWeekIcon"
                focusable="false"
                viewBox="0 0 24 24"
              >
                <path
                  d="M5.33 20H4c-1.1 0-2-.9-2-2V6c0-1.1.9-2 2-2h1.33c1.1 0 2 .9 2 2v12c0 1.1-.89 2-2 2zM22 18V6c0-1.1-.9-2-2-2h-1.33c-1.1 0-2 .9-2 2v12c0 1.1.9 2 2 2H20c1.11 0 2-.9 2-2zm-7.33 0V6c0-1.1-.9-2-2-2h-1.33c-1.1 0-2 .9-2 2v12c0 1.1.9 2 2 2h1.33c1.1 0 2-.9 2-2z"
                />
              </svg>
              <p
                class="text"
                data-testid="ticket-card-variant"
              >
                test, variant, 1
              </p>
            </div>
            <div
              class="priceContainer"
            >
              <svg
                aria-hidden="true"
                class="MuiSvgIcon-root MuiSvgIcon-fontSizeMedium icon css-i4bv87-MuiSvgIcon-root"
                data-testid="LocalOfferIcon"
                focusable="false"
                viewBox="0 0 24 24"
              >
                <path
                  d="m21.41 11.58-9-9C12.05 2.22 11.55 2 11 2H4c-1.1 0-2 .9-2 2v7c0 .55.22 1.05.59 1.42l9 9c.36.36.86.58 1.41.58.55 0 1.05-.22 1.41-.59l7-7c.37-.36.59-.86.59-1.41 0-.55-.23-1.06-.59-1.42zM5.5 7C4.67 7 4 6.33 4 5.5S4.67 4 5.5 4 7 4.67 7 5.5 6.33 7 5.5 7z"
                />
              </svg>
              <p
                class="text"
                data-testid="ticket-card-price"
              >
                Rp. 
                100.000
              </p>
            </div>
            <p
              class="footer"
            >
              /
              orang
            </p>
          </div>
        </div>
      </div>
    </div>
  </body>,
  "container": <div>
    <div
      class="cardContainer"
      data-testid="ticket-card"
    >
      <img
        alt="Img Failed!"
        class="cardImage"
        data-testid="ticket-card-img"
        src="http://example.com/"
      />
      <div
        class="cardContent"
      >
        <p
          class="title"
          data-testid="ticket-card-title"
        >
          Test title
        </p>
        <div
          class="infoContainer"
        >
          <div
            class="infoIconContainer"
          >
            <svg
              aria-hidden="true"
              class="MuiSvgIcon-root MuiSvgIcon-fontSizeMedium icon css-i4bv87-MuiSvgIcon-root"
              data-testid="FmdGoodIcon"
              focusable="false"
              viewBox="0 0 24 24"
            >
              <path
                d="M12 2c-4.2 0-8 3.22-8 8.2 0 3.32 2.67 7.25 8 11.8 5.33-4.55 8-8.48 8-11.8C20 5.22 16.2 2 12 2zm0 10c-1.1 0-2-.9-2-2s.9-2 2-2 2 .9 2 2-.9 2-2 2z"
              />
            </svg>
            <p
              class="text"
              data-testid="ticket-card-location"
            >
              Location tes
            </p>
          </div>
          <div
            class="infoIconContainer"
          >
            <svg
              aria-hidden="true"
              class="MuiSvgIcon-root MuiSvgIcon-fontSizeMedium icon css-i4bv87-MuiSvgIcon-root"
              data-testid="AssignmentIndIcon"
              focusable="false"
              viewBox="0 0 24 24"
            >
              <path
                d="M19 3h-4.18C14.4 1.84 13.3 1 12 1c-1.3 0-2.4.84-2.82 2H5c-1.1 0-2 .9-2 2v14c0 1.1.9 2 2 2h14c1.1 0 2-.9 2-2V5c0-1.1-.9-2-2-2zm-7 0c.55 0 1 .45 1 1s-.45 1-1 1-1-.45-1-1 .45-1 1-1zm0 4c1.66 0 3 1.34 3 3s-1.34 3-3 3-3-1.34-3-3 1.34-3 3-3zm6 12H6v-1.4c0-2 4-3.1 6-3.1s6 1.1 6 3.1V19z"
              />
            </svg>
            <p
              class="text"
              data-testid="ticket-card-org"
            >
              test organization
            </p>
          </div>
          <div
            class="infoIconContainer"
          >
            <svg
              aria-hidden="true"
              class="MuiSvgIcon-root MuiSvgIcon-fontSizeMedium icon css-i4bv87-MuiSvgIcon-root"
              data-testid="ViewWeekIcon"
              focusable="false"
              viewBox="0 0 24 24"
            >
              <path
                d="M5.33 20H4c-1.1 0-2-.9-2-2V6c0-1.1.9-2 2-2h1.33c1.1 0 2 .9 2 2v12c0 1.1-.89 2-2 2zM22 18V6c0-1.1-.9-2-2-2h-1.33c-1.1 0-2 .9-2 2v12c0 1.1.9 2 2 2H20c1.11 0 2-.9 2-2zm-7.33 0V6c0-1.1-.9-2-2-2h-1.33c-1.1 0-2 .9-2 2v12c0 1.1.9 2 2 2h1.33c1.1 0 2-.9 2-2z"
              />
            </svg>
            <p
              class="text"
              data-testid="ticket-card-variant"
            >
              test, variant, 1
            </p>
          </div>
          <div
            class="priceContainer"
          >
            <svg
              aria-hidden="true"
              class="MuiSvgIcon-root MuiSvgIcon-fontSizeMedium icon css-i4bv87-MuiSvgIcon-root"
              data-testid="LocalOfferIcon"
              focusable="false"
              viewBox="0 0 24 24"
            >
              <path
                d="m21.41 11.58-9-9C12.05 2.22 11.55 2 11 2H4c-1.1 0-2 .9-2 2v7c0 .55.22 1.05.59 1.42l9 9c.36.36.86.58 1.41.58.55 0 1.05-.22 1.41-.59l7-7c.37-.36.59-.86.59-1.41 0-.55-.23-1.06-.59-1.42zM5.5 7C4.67 7 4 6.33 4 5.5S4.67 4 5.5 4 7 4.67 7 5.5 6.33 7 5.5 7z"
              />
            </svg>
            <p
              class="text"
              data-testid="ticket-card-price"
            >
              Rp. 
              100.000
            </p>
          </div>
          <p
            class="footer"
          >
            /
            orang
          </p>
        </div>
      </div>
    </div>
  </div>,
  "debug": [Function],
  "findAllByAltText": [Function],
  "findAllByDisplayValue": [Function],
  "findAllByLabelText": [Function],
  "findAllByPlaceholderText": [Function],
  "findAllByRole": [Function],
  "findAllByTestId": [Function],
  "findAllByText": [Function],
  "findAllByTitle": [Function],
  "findByAltText": [Function],
  "findByDisplayValue": [Function],
  "findByLabelText": [Function],
  "findByPlaceholderText": [Function],
  "findByRole": [Function],
  "findByTestId": [Function],
  "findByText": [Function],
  "findByTitle": [Function],
  "getAllByAltText": [Function],
  "getAllByDisplayValue": [Function],
  "getAllByLabelText": [Function],
  "getAllByPlaceholderText": [Function],
  "getAllByRole": [Function],
  "getAllByTestId": [Function],
  "getAllByText": [Function],
  "getAllByTitle": [Function],
  "getByAltText": [Function],
  "getByDisplayValue": [Function],
  "getByLabelText": [Function],
  "getByPlaceholderText": [Function],
  "getByRole": [Function],
  "getByTestId": [Function],
  "getByText": [Function],
  "getByTitle": [Function],
  "queryAllByAltText": [Function],
  "queryAllByDisplayValue": [Function],
  "queryAllByLabelText": [Function],
  "queryAllByPlaceholderText": [Function],
  "queryAllByRole": [Function],
  "queryAllByTestId": [Function],
  "queryAllByText": [Function],
  "queryAllByTitle": [Function],
  "queryByAltText": [Function],
  "queryByDisplayValue": [Function],
  "queryByLabelText": [Function],
  "queryByPlaceholderText": [Function],
  "queryByRole": [Function],
  "queryByTestId": [Function],
  "queryByText": [Function],
  "queryByTitle": [Function],
  "rerender": [Function],
  "unmount": [Function],
}
`;
